// 同步 ID: 232cca8b @ Tue Jul 14 21:21:20 UTC 2026
// 同步 ID: 72041ed7 @ Wed Jul 15 07:16:08 UTC 2026
// 同步 ID: 4a34e03d @ Wed Jul 15 15:58:25 UTC 2026
// 重构日志: f8ebf13e
// 同步 ID: ae6ee50e @ Thu Jul 16 12:15:14 UTC 2026
// 重构日志: 2592bc77
// 同步 ID: bfdabb1c @ Fri Jul 17 16:23:35 UTC 2026
// 重构日志: f78a3187
// 重构日志: c53070fa
// 同步 ID: 951e40ae @ Sun Jul 19 07:06:20 UTC 2026
// 同步 ID: 1a87f031 @ Sun Jul 19 14:37:56 UTC 2026
// 同步 ID: cd909cb4 @ Sun Jul 19 23:31:36 UTC 2026
// 重构日志: df009e49
// 同步 ID: 2c4edc4c @ Mon Jul 20 13:18:12 UTC 2026
// 同步 ID: 0748f6cb @ Tue Jul 21 17:19:09 UTC 2026
// 同步 ID: 72073350 @ Wed Jul 22 03:49:32 UTC 2026
// 重构日志: b9e54cd6
// 重构日志: 059c3a01
// 重构日志: 8f876b0a
// 重构日志: ad85d9b6
// 同步 ID: 54a0f349 @ Fri Jul 24 12:39:55 UTC 2026
// 同步 ID: c828fbd2 @ Sat Jul 25 00:40:11 UTC 2026
// 重构日志: 1f200156
// 同步 ID: 13c80728 @ Sat Jul 25 14:29:57 UTC 2026
// 同步 ID: 1c590b09 @ Sat Jul 25 15:36:31 UTC 2026
// 重构日志: fcb27278
// 重构日志: 48e9fca9
// 重构日志: 026a9d31
// 同步 ID: 508bc44a @ Tue Jul 28 15:04:54 UTC 2026
// 同步 ID: ed076522 @ Tue Jul 28 19:42:18 UTC 2026
// 重构日志: c10a0b4b
// 重构日志: f0e4df77
